<?xml version="1.0"?>
<link_info>
   <banner>TI ARM Linker PC v5.2.5</banner>
   <copyright>Copyright (c) 1996-2015 Texas Instruments Incorporated</copyright>
   <link_time>0x5ae6019b</link_time>
   <link_errors>0x0</link_errors>
   <output_file>SFMD_Proj.out</output_file>
   <entry_point>
      <name>_c_int00</name>
      <address>0x1d99</address>
   </entry_point>
   <input_file_list>
      <input_file id="fl-2">
         <path>.\</path>
         <kind>object</kind>
         <file>DAQ.obj</file>
         <name>DAQ.obj</name>
      </input_file>
      <input_file id="fl-3">
         <path>.\</path>
         <kind>object</kind>
         <file>main.obj</file>
         <name>main.obj</name>
      </input_file>
      <input_file id="fl-4">
         <path>.\</path>
         <kind>object</kind>
         <file>tm4c123gh6pm_startup_ccs.obj</file>
         <name>tm4c123gh6pm_startup_ccs.obj</name>
      </input_file>
      <input_file id="fl-5">
         <path>.\</path>
         <kind>object</kind>
         <file>uartstdio.obj</file>
         <name>uartstdio.obj</name>
      </input_file>
      <input_file id="fl-b">
         <path>C:\ti\TivaWare_C_Series-2.1.2.111\driverlib\ccs\Debug\</path>
         <kind>archive</kind>
         <file>driverlib.lib</file>
         <name>adc.obj</name>
      </input_file>
      <input_file id="fl-c">
         <path>C:\ti\TivaWare_C_Series-2.1.2.111\driverlib\ccs\Debug\</path>
         <kind>archive</kind>
         <file>driverlib.lib</file>
         <name>gpio.obj</name>
      </input_file>
      <input_file id="fl-d">
         <path>C:\ti\TivaWare_C_Series-2.1.2.111\driverlib\ccs\Debug\</path>
         <kind>archive</kind>
         <file>driverlib.lib</file>
         <name>interrupt.obj</name>
      </input_file>
      <input_file id="fl-e">
         <path>C:\ti\TivaWare_C_Series-2.1.2.111\driverlib\ccs\Debug\</path>
         <kind>archive</kind>
         <file>driverlib.lib</file>
         <name>sysctl.obj</name>
      </input_file>
      <input_file id="fl-f">
         <path>C:\ti\TivaWare_C_Series-2.1.2.111\driverlib\ccs\Debug\</path>
         <kind>archive</kind>
         <file>driverlib.lib</file>
         <name>timer.obj</name>
      </input_file>
      <input_file id="fl-10">
         <path>C:\ti\TivaWare_C_Series-2.1.2.111\driverlib\ccs\Debug\</path>
         <kind>archive</kind>
         <file>driverlib.lib</file>
         <name>uart.obj</name>
      </input_file>
      <input_file id="fl-11">
         <path>C:\ti\TivaWare_C_Series-2.1.2.111\driverlib\ccs\Debug\</path>
         <kind>archive</kind>
         <file>driverlib.lib</file>
         <name>cpu.obj</name>
      </input_file>
      <input_file id="fl-133">
         <path>C:\ti\ccsv6\tools\compiler\ti-cgt-arm_5.2.5\lib\</path>
         <kind>archive</kind>
         <file>rtsv7M4_T_le_v4SPD16_eabi.lib</file>
         <name>boot.obj</name>
      </input_file>
      <input_file id="fl-134">
         <path>C:\ti\ccsv6\tools\compiler\ti-cgt-arm_5.2.5\lib\</path>
         <kind>archive</kind>
         <file>rtsv7M4_T_le_v4SPD16_eabi.lib</file>
         <name>copy_decompress_none.obj</name>
      </input_file>
      <input_file id="fl-135">
         <path>C:\ti\ccsv6\tools\compiler\ti-cgt-arm_5.2.5\lib\</path>
         <kind>archive</kind>
         <file>rtsv7M4_T_le_v4SPD16_eabi.lib</file>
         <name>copy_decompress_rle.obj</name>
      </input_file>
      <input_file id="fl-136">
         <path>C:\ti\ccsv6\tools\compiler\ti-cgt-arm_5.2.5\lib\</path>
         <kind>archive</kind>
         <file>rtsv7M4_T_le_v4SPD16_eabi.lib</file>
         <name>copy_zero_init.obj</name>
      </input_file>
      <input_file id="fl-137">
         <path>C:\ti\ccsv6\tools\compiler\ti-cgt-arm_5.2.5\lib\</path>
         <kind>archive</kind>
         <file>rtsv7M4_T_le_v4SPD16_eabi.lib</file>
         <name>exit.obj</name>
      </input_file>
      <input_file id="fl-138">
         <path>C:\ti\ccsv6\tools\compiler\ti-cgt-arm_5.2.5\lib\</path>
         <kind>archive</kind>
         <file>rtsv7M4_T_le_v4SPD16_eabi.lib</file>
         <name>fd_tou_t2.obj</name>
      </input_file>
      <input_file id="fl-139">
         <path>C:\ti\ccsv6\tools\compiler\ti-cgt-arm_5.2.5\lib\</path>
         <kind>archive</kind>
         <file>rtsv7M4_T_le_v4SPD16_eabi.lib</file>
         <name>ll_mul_t2.obj</name>
      </input_file>
      <input_file id="fl-13a">
         <path>C:\ti\ccsv6\tools\compiler\ti-cgt-arm_5.2.5\lib\</path>
         <kind>archive</kind>
         <file>rtsv7M4_T_le_v4SPD16_eabi.lib</file>
         <name>memcpy_t2.obj</name>
      </input_file>
      <input_file id="fl-13b">
         <path>C:\ti\ccsv6\tools\compiler\ti-cgt-arm_5.2.5\lib\</path>
         <kind>archive</kind>
         <file>rtsv7M4_T_le_v4SPD16_eabi.lib</file>
         <name>memset_t2.obj</name>
      </input_file>
      <input_file id="fl-13c">
         <path>C:\ti\ccsv6\tools\compiler\ti-cgt-arm_5.2.5\lib\</path>
         <kind>archive</kind>
         <file>rtsv7M4_T_le_v4SPD16_eabi.lib</file>
         <name>pre_init.obj</name>
      </input_file>
      <input_file id="fl-13d">
         <path>C:\ti\ccsv6\tools\compiler\ti-cgt-arm_5.2.5\lib\</path>
         <kind>archive</kind>
         <file>rtsv7M4_T_le_v4SPD16_eabi.lib</file>
         <name>sqrt.obj</name>
      </input_file>
      <input_file id="fl-13e">
         <path>C:\ti\ccsv6\tools\compiler\ti-cgt-arm_5.2.5\lib\</path>
         <kind>archive</kind>
         <file>rtsv7M4_T_le_v4SPD16_eabi.lib</file>
         <name>stkdepth_vars.obj</name>
      </input_file>
      <input_file id="fl-13f">
         <path>C:\ti\ccsv6\tools\compiler\ti-cgt-arm_5.2.5\lib\</path>
         <kind>archive</kind>
         <file>rtsv7M4_T_le_v4SPD16_eabi.lib</file>
         <name>u_divt2.obj</name>
      </input_file>
      <input_file id="fl-140">
         <path>C:\ti\ccsv6\tools\compiler\ti-cgt-arm_5.2.5\lib\</path>
         <kind>archive</kind>
         <file>rtsv7M4_T_le_v4SPD16_eabi.lib</file>
         <name>u_tofd_t2.obj</name>
      </input_file>
      <input_file id="fl-141">
         <path>C:\ti\ccsv6\tools\compiler\ti-cgt-arm_5.2.5\lib\</path>
         <kind>archive</kind>
         <file>rtsv7M4_T_le_v4SPD16_eabi.lib</file>
         <name>xdscale.obj</name>
      </input_file>
      <input_file id="fl-142">
         <path>C:\ti\ccsv6\tools\compiler\ti-cgt-arm_5.2.5\lib\</path>
         <kind>archive</kind>
         <file>rtsv7M4_T_le_v4SPD16_eabi.lib</file>
         <name>xdunscal.obj</name>
      </input_file>
      <input_file id="fl-143">
         <path>C:\ti\ccsv6\tools\compiler\ti-cgt-arm_5.2.5\lib\</path>
         <kind>archive</kind>
         <file>rtsv7M4_T_le_v4SPD16_eabi.lib</file>
         <name>xferaise.obj</name>
      </input_file>
      <input_file id="fl-144">
         <path>C:\ti\ccsv6\tools\compiler\ti-cgt-arm_5.2.5\lib\</path>
         <kind>archive</kind>
         <file>rtsv7M4_T_le_v4SPD16_eabi.lib</file>
         <name>xvalues.obj</name>
      </input_file>
      <input_file id="fl-145">
         <path>C:\ti\ccsv6\tools\compiler\ti-cgt-arm_5.2.5\lib\</path>
         <kind>archive</kind>
         <file>rtsv7M4_T_le_v4SPD16_eabi.lib</file>
         <name>_lock.obj</name>
      </input_file>
      <input_file id="fl-146">
         <path>C:\ti\ccsv6\tools\compiler\ti-cgt-arm_5.2.5\lib\</path>
         <kind>archive</kind>
         <file>rtsv7M4_T_le_v4SPD16_eabi.lib</file>
         <name>args_main.obj</name>
      </input_file>
      <input_file id="fl-147">
         <path>C:\ti\ccsv6\tools\compiler\ti-cgt-arm_5.2.5\lib\</path>
         <kind>archive</kind>
         <file>rtsv7M4_T_le_v4SPD16_eabi.lib</file>
         <name>autoinit.obj</name>
      </input_file>
      <input_file id="fl-148">
         <path>C:\ti\ccsv6\tools\compiler\ti-cgt-arm_5.2.5\lib\</path>
         <kind>archive</kind>
         <file>rtsv7M4_T_le_v4SPD16_eabi.lib</file>
         <name>cpy_tbl.obj</name>
      </input_file>
      <input_file id="fl-149">
         <path>C:\ti\ccsv6\tools\compiler\ti-cgt-arm_5.2.5\lib\</path>
         <kind>archive</kind>
         <file>rtsv7M4_T_le_v4SPD16_eabi.lib</file>
         <name>errno.obj</name>
      </input_file>
      <input_file id="fl-14a">
         <path>C:\ti\ccsv6\tools\compiler\ti-cgt-arm_5.2.5\lib\</path>
         <kind>archive</kind>
         <file>rtsv7M4_T_le_v4SPD16_eabi.lib</file>
         <name>fd_add_t2.obj</name>
      </input_file>
      <input_file id="fl-14b">
         <path>C:\ti\ccsv6\tools\compiler\ti-cgt-arm_5.2.5\lib\</path>
         <kind>archive</kind>
         <file>rtsv7M4_T_le_v4SPD16_eabi.lib</file>
         <name>fd_div_t2.obj</name>
      </input_file>
      <input_file id="fl-14c">
         <path>C:\ti\ccsv6\tools\compiler\ti-cgt-arm_5.2.5\lib\</path>
         <kind>archive</kind>
         <file>rtsv7M4_T_le_v4SPD16_eabi.lib</file>
         <name>fd_mul_t2.obj</name>
      </input_file>
      <input_file id="fl-14d">
         <path>C:\ti\ccsv6\tools\compiler\ti-cgt-arm_5.2.5\lib\</path>
         <kind>archive</kind>
         <file>rtsv7M4_T_le_v4SPD16_eabi.lib</file>
         <name>feraiseexcept.obj</name>
      </input_file>
      <input_file id="fl-14e">
         <path>C:\ti\ccsv6\tools\compiler\ti-cgt-arm_5.2.5\lib\</path>
         <kind>archive</kind>
         <file>rtsv7M4_T_le_v4SPD16_eabi.lib</file>
         <name>i_div0.obj</name>
      </input_file>
      <input_file id="fl-14f">
         <path>C:\ti\ccsv6\tools\compiler\ti-cgt-arm_5.2.5\lib\</path>
         <kind>archive</kind>
         <file>rtsv7M4_T_le_v4SPD16_eabi.lib</file>
         <name>raise.obj</name>
      </input_file>
      <input_file id="fl-150">
         <path>C:\ti\ccsv6\tools\compiler\ti-cgt-arm_5.2.5\lib\</path>
         <kind>archive</kind>
         <file>rtsv7M4_T_le_v4SPD16_eabi.lib</file>
         <name>signal.obj</name>
      </input_file>
      <input_file id="fl-151">
         <path>C:\ti\ccsv6\tools\compiler\ti-cgt-arm_5.2.5\lib\</path>
         <kind>archive</kind>
         <file>rtsv7M4_T_le_v4SPD16_eabi.lib</file>
         <name>xdnorm.obj</name>
      </input_file>
   </input_file_list>
   <object_component_list>
      <object_component id="oc-f">
         <name>.intvecs</name>
         <load_address>0x0</load_address>
         <run_address>0x0</run_address>
         <size>0x26c</size>
         <input_file_ref idref="fl-4"/>
      </object_component>
      <object_component id="oc-ca">
         <name>.text</name>
         <load_address>0x26c</load_address>
         <run_address>0x26c</run_address>
         <size>0x49c</size>
         <input_file_ref idref="fl-5"/>
      </object_component>
      <object_component id="oc-30">
         <name>.text</name>
         <load_address>0x708</load_address>
         <run_address>0x708</run_address>
         <size>0x490</size>
         <input_file_ref idref="fl-3"/>
      </object_component>
      <object_component id="oc-87">
         <name>.text</name>
         <load_address>0xb98</load_address>
         <run_address>0xb98</run_address>
         <size>0x430</size>
         <input_file_ref idref="fl-2"/>
      </object_component>
      <object_component id="oc-222">
         <name>.text</name>
         <load_address>0xfc8</load_address>
         <run_address>0xfc8</run_address>
         <size>0x1b6</size>
         <input_file_ref idref="fl-14a"/>
      </object_component>
      <object_component id="oc-266">
         <name>.text</name>
         <load_address>0x117e</load_address>
         <run_address>0x117e</run_address>
         <size>0x2</size>
         <input_file_ref idref="fl-14e"/>
      </object_component>
      <object_component id="oc-174">
         <name>.text</name>
         <load_address>0x1180</load_address>
         <run_address>0x1180</run_address>
         <size>0x148</size>
         <input_file_ref idref="fl-13d"/>
      </object_component>
      <object_component id="oc-22c">
         <name>.text</name>
         <load_address>0x12c8</load_address>
         <run_address>0x12c8</run_address>
         <size>0x136</size>
         <input_file_ref idref="fl-14b"/>
      </object_component>
      <object_component id="oc-19f">
         <name>.text:GPIOPadConfigSet</name>
         <load_address>0x13fe</load_address>
         <run_address>0x13fe</run_address>
         <size>0x132</size>
         <input_file_ref idref="fl-c"/>
      </object_component>
      <object_component id="oc-e2">
         <name>.text:SysCtlClockGet</name>
         <load_address>0x1530</load_address>
         <run_address>0x1530</run_address>
         <size>0x110</size>
         <input_file_ref idref="fl-e"/>
      </object_component>
      <object_component id="oc-231">
         <name>.text</name>
         <load_address>0x1640</load_address>
         <run_address>0x1640</run_address>
         <size>0x110</size>
         <input_file_ref idref="fl-141"/>
      </object_component>
      <object_component id="oc-227">
         <name>.text</name>
         <load_address>0x1750</load_address>
         <run_address>0x1750</run_address>
         <size>0xfc</size>
         <input_file_ref idref="fl-14c"/>
      </object_component>
      <object_component id="oc-d0">
         <name>.text:SysCtlClockSet</name>
         <load_address>0x184c</load_address>
         <run_address>0x184c</run_address>
         <size>0xf4</size>
         <input_file_ref idref="fl-e"/>
      </object_component>
      <object_component id="oc-27e">
         <name>.text</name>
         <load_address>0x1940</load_address>
         <run_address>0x1940</run_address>
         <size>0xbe</size>
         <input_file_ref idref="fl-151"/>
      </object_component>
      <object_component id="oc-39">
         <name>.text</name>
         <load_address>0x19fe</load_address>
         <run_address>0x19fe</run_address>
         <size>0x9c</size>
         <input_file_ref idref="fl-13a"/>
      </object_component>
      <object_component id="oc-a0">
         <name>.text:ADCSequenceStepConfigure</name>
         <load_address>0x1a9a</load_address>
         <run_address>0x1a9a</run_address>
         <size>0x7a</size>
         <input_file_ref idref="fl-b"/>
      </object_component>
      <object_component id="oc-52">
         <name>.text</name>
         <load_address>0x1b14</load_address>
         <run_address>0x1b14</run_address>
         <size>0x7a</size>
         <input_file_ref idref="fl-13b"/>
      </object_component>
      <object_component id="oc-64">
         <name>.text</name>
         <load_address>0x1b90</load_address>
         <run_address>0x1b90</run_address>
         <size>0x6c</size>
         <input_file_ref idref="fl-147"/>
      </object_component>
      <object_component id="oc-45">
         <name>.text</name>
         <load_address>0x1bfc</load_address>
         <run_address>0x1bfc</run_address>
         <size>0x6a</size>
         <input_file_ref idref="fl-135"/>
      </object_component>
      <object_component id="oc-ac">
         <name>.text:IntEnable</name>
         <load_address>0x1c68</load_address>
         <run_address>0x1c68</run_address>
         <size>0x68</size>
         <input_file_ref idref="fl-d"/>
      </object_component>
      <object_component id="oc-21c">
         <name>.text</name>
         <load_address>0x1cd0</load_address>
         <run_address>0x1cd0</run_address>
         <size>0x66</size>
         <input_file_ref idref="fl-142"/>
      </object_component>
      <object_component id="oc-107">
         <name>.text:TimerConfigure</name>
         <load_address>0x1d38</load_address>
         <run_address>0x1d38</run_address>
         <size>0x60</size>
         <input_file_ref idref="fl-f"/>
      </object_component>
      <object_component id="oc-24">
         <name>.text</name>
         <load_address>0x1d98</load_address>
         <run_address>0x1d98</run_address>
         <size>0x50</size>
         <input_file_ref idref="fl-133"/>
      </object_component>
      <object_component id="oc-14d">
         <name>.text</name>
         <load_address>0x1de8</load_address>
         <run_address>0x1de8</run_address>
         <size>0x4c</size>
         <input_file_ref idref="fl-148"/>
      </object_component>
      <object_component id="oc-b8">
         <name>.text:GPIOPinConfigure</name>
         <load_address>0x1e34</load_address>
         <run_address>0x1e34</run_address>
         <size>0x48</size>
         <input_file_ref idref="fl-c"/>
      </object_component>
      <object_component id="oc-1ac">
         <name>.text:UARTConfigSetExpClk</name>
         <load_address>0x1e7c</load_address>
         <run_address>0x1e7c</run_address>
         <size>0x46</size>
         <input_file_ref idref="fl-10"/>
      </object_component>
      <object_component id="oc-70">
         <name>.text</name>
         <load_address>0x1ec4</load_address>
         <run_address>0x1ec4</run_address>
         <size>0x44</size>
         <input_file_ref idref="fl-137"/>
      </object_component>
      <object_component id="oc-17a">
         <name>.text</name>
         <load_address>0x1f08</load_address>
         <run_address>0x1f08</run_address>
         <size>0x44</size>
         <input_file_ref idref="fl-138"/>
      </object_component>
      <object_component id="oc-2b3">
         <name>.text</name>
         <load_address>0x1f4c</load_address>
         <run_address>0x1f4c</run_address>
         <size>0x40</size>
         <input_file_ref idref="fl-150"/>
      </object_component>
      <object_component id="oc-1c4">
         <name>.text</name>
         <load_address>0x1f8c</load_address>
         <run_address>0x1f8c</run_address>
         <size>0x40</size>
         <input_file_ref idref="fl-13f"/>
      </object_component>
      <object_component id="oc-94">
         <name>.text:ADCSequenceConfigure</name>
         <load_address>0x1fcc</load_address>
         <run_address>0x1fcc</run_address>
         <size>0x3e</size>
         <input_file_ref idref="fl-b"/>
      </object_component>
      <object_component id="oc-1a6">
         <name>.text:SysCtlPeripheralPresent</name>
         <load_address>0x200c</load_address>
         <run_address>0x200c</run_address>
         <size>0x38</size>
         <input_file_ref idref="fl-e"/>
      </object_component>
      <object_component id="oc-8d">
         <name>.text:SysCtlPeripheralEnable</name>
         <load_address>0x2044</load_address>
         <run_address>0x2044</run_address>
         <size>0x34</size>
         <input_file_ref idref="fl-e"/>
      </object_component>
      <object_component id="oc-28b">
         <name>.text</name>
         <load_address>0x2078</load_address>
         <run_address>0x2078</run_address>
         <size>0x34</size>
         <input_file_ref idref="fl-14d"/>
      </object_component>
      <object_component id="oc-237">
         <name>.text</name>
         <load_address>0x20ac</load_address>
         <run_address>0x20ac</run_address>
         <size>0x30</size>
         <input_file_ref idref="fl-143"/>
      </object_component>
      <object_component id="oc-2a4">
         <name>.text</name>
         <load_address>0x20dc</load_address>
         <run_address>0x20dc</run_address>
         <size>0x2e</size>
         <input_file_ref idref="fl-14f"/>
      </object_component>
      <object_component id="oc-199">
         <name>.text:GPIODirModeSet</name>
         <load_address>0x210a</load_address>
         <run_address>0x210a</run_address>
         <size>0x2a</size>
         <input_file_ref idref="fl-c"/>
      </object_component>
      <object_component id="oc-258">
         <name>.text:UARTDisable</name>
         <load_address>0x2134</load_address>
         <run_address>0x2134</run_address>
         <size>0x20</size>
         <input_file_ref idref="fl-10"/>
      </object_component>
      <object_component id="oc-16f">
         <name>.text</name>
         <load_address>0x2154</load_address>
         <run_address>0x2154</run_address>
         <size>0x20</size>
         <input_file_ref idref="fl-140"/>
      </object_component>
      <object_component id="oc-81">
         <name>.text:ADCSequenceDataGet</name>
         <load_address>0x2174</load_address>
         <run_address>0x2174</run_address>
         <size>0x1e</size>
         <input_file_ref idref="fl-b"/>
      </object_component>
      <object_component id="oc-101">
         <name>.text:ADCProcessorTrigger</name>
         <load_address>0x2192</load_address>
         <run_address>0x2192</run_address>
         <size>0x18</size>
         <input_file_ref idref="fl-b"/>
      </object_component>
      <object_component id="oc-d6">
         <name>.text:GPIOPinTypeGPIOOutput</name>
         <load_address>0x21aa</load_address>
         <run_address>0x21aa</run_address>
         <size>0x18</size>
         <input_file_ref idref="fl-c"/>
      </object_component>
      <object_component id="oc-6a">
         <name>.text</name>
         <load_address>0x21c4</load_address>
         <run_address>0x21c4</run_address>
         <size>0x18</size>
         <input_file_ref idref="fl-146"/>
      </object_component>
      <object_component id="oc-16a">
         <name>.text</name>
         <load_address>0x21dc</load_address>
         <run_address>0x21dc</run_address>
         <size>0x18</size>
         <input_file_ref idref="fl-139"/>
      </object_component>
      <object_component id="oc-1b2">
         <name>.text:UARTEnable</name>
         <load_address>0x21f4</load_address>
         <run_address>0x21f4</run_address>
         <size>0x14</size>
         <input_file_ref idref="fl-10"/>
      </object_component>
      <object_component id="oc-208">
         <name>.text</name>
         <load_address>0x2208</load_address>
         <run_address>0x2208</run_address>
         <size>0x14</size>
         <input_file_ref idref="fl-145"/>
      </object_component>
      <object_component id="oc-c4">
         <name>.text:GPIOPinTypeUART</name>
         <load_address>0x221c</load_address>
         <run_address>0x221c</run_address>
         <size>0x12</size>
         <input_file_ref idref="fl-c"/>
      </object_component>
      <object_component id="oc-10d">
         <name>.text:TimerLoadSet</name>
         <load_address>0x222e</load_address>
         <run_address>0x222e</run_address>
         <size>0x12</size>
         <input_file_ref idref="fl-f"/>
      </object_component>
      <object_component id="oc-b2">
         <name>.text:ADCIntEnable</name>
         <load_address>0x2240</load_address>
         <run_address>0x2240</run_address>
         <size>0x10</size>
         <input_file_ref idref="fl-b"/>
      </object_component>
      <object_component id="oc-dc">
         <name>.text:IntMasterEnable</name>
         <load_address>0x2250</load_address>
         <run_address>0x2250</run_address>
         <size>0x10</size>
         <input_file_ref idref="fl-d"/>
      </object_component>
      <object_component id="oc-9a">
         <name>.text:ADCHardwareOversampleConfigure</name>
         <load_address>0x2260</load_address>
         <run_address>0x2260</run_address>
         <size>0xe</size>
         <input_file_ref idref="fl-b"/>
      </object_component>
      <object_component id="oc-a6">
         <name>.text:ADCSequenceEnable</name>
         <load_address>0x226e</load_address>
         <run_address>0x226e</run_address>
         <size>0xe</size>
         <input_file_ref idref="fl-b"/>
      </object_component>
      <object_component id="oc-119">
         <name>.text:TimerEnable</name>
         <load_address>0x227c</load_address>
         <run_address>0x227c</run_address>
         <size>0xe</size>
         <input_file_ref idref="fl-f"/>
      </object_component>
      <object_component id="oc-12">
         <name>.text:decompress:none</name>
         <load_address>0x228a</load_address>
         <run_address>0x228a</run_address>
         <size>0xe</size>
         <input_file_ref idref="fl-134"/>
      </object_component>
      <object_component id="oc-1d2">
         <name>.text:CPUcpsie</name>
         <load_address>0x2298</load_address>
         <run_address>0x2298</run_address>
         <size>0xc</size>
         <input_file_ref idref="fl-11"/>
      </object_component>
      <object_component id="oc-1e">
         <name>.text:decompress:ZI</name>
         <load_address>0x22a4</load_address>
         <run_address>0x22a4</run_address>
         <size>0xc</size>
         <input_file_ref idref="fl-136"/>
      </object_component>
      <object_component id="oc-2a">
         <name>.text</name>
         <load_address>0x22b0</load_address>
         <run_address>0x22b0</run_address>
         <size>0xc</size>
         <input_file_ref idref="fl-4"/>
      </object_component>
      <object_component id="oc-7b">
         <name>.text:ADCIntClear</name>
         <load_address>0x22bc</load_address>
         <run_address>0x22bc</run_address>
         <size>0xa</size>
         <input_file_ref idref="fl-b"/>
      </object_component>
      <object_component id="oc-1b8">
         <name>.text:UARTCharGet</name>
         <load_address>0x22c6</load_address>
         <run_address>0x22c6</run_address>
         <size>0xa</size>
         <input_file_ref idref="fl-10"/>
      </object_component>
      <object_component id="oc-ee">
         <name>.text:UARTCharPut</name>
         <load_address>0x22d0</load_address>
         <run_address>0x22d0</run_address>
         <size>0xa</size>
         <input_file_ref idref="fl-10"/>
      </object_component>
      <object_component id="oc-113">
         <name>.text:TimerIntEnable</name>
         <load_address>0x22da</load_address>
         <run_address>0x22da</run_address>
         <size>0x8</size>
         <input_file_ref idref="fl-f"/>
      </object_component>
      <object_component id="oc-e8">
         <name>.text:GPIOPinWrite</name>
         <load_address>0x22e2</load_address>
         <run_address>0x22e2</run_address>
         <size>0x6</size>
         <input_file_ref idref="fl-c"/>
      </object_component>
      <object_component id="oc-93">
         <name>.text:SysCtlDelay</name>
         <load_address>0x22e8</load_address>
         <run_address>0x22e8</run_address>
         <size>0x6</size>
         <input_file_ref idref="fl-e"/>
      </object_component>
      <object_component id="oc-be">
         <name>.text:UARTClockSourceSet</name>
         <load_address>0x22ee</load_address>
         <run_address>0x22ee</run_address>
         <size>0x6</size>
         <input_file_ref idref="fl-10"/>
      </object_component>
      <object_component id="oc-18">
         <name>.text:decompress:rle24</name>
         <load_address>0x22f4</load_address>
         <run_address>0x22f4</run_address>
         <size>0x6</size>
         <input_file_ref idref="fl-135"/>
      </object_component>
      <object_component id="oc-fb">
         <name>.text:TimerIntClear</name>
         <load_address>0x22fa</load_address>
         <run_address>0x22fa</run_address>
         <size>0x4</size>
         <input_file_ref idref="fl-f"/>
      </object_component>
      <object_component id="oc-5e">
         <name>.text</name>
         <load_address>0x22fe</load_address>
         <run_address>0x22fe</run_address>
         <size>0x4</size>
         <input_file_ref idref="fl-13c"/>
      </object_component>
      <object_component id="oc-192">
         <name>.const:g_pui32GPIOBaseAddrs</name>
         <load_address>0x2304</load_address>
         <run_address>0x2304</run_address>
         <size>0x90</size>
         <input_file_ref idref="fl-c"/>
      </object_component>
      <object_component id="oc-18c">
         <name>.const</name>
         <load_address>0x2394</load_address>
         <run_address>0x2394</run_address>
         <size>0x70</size>
         <input_file_ref idref="fl-d"/>
      </object_component>
      <object_component id="oc-1d9">
         <name>.const:g_pui32Xtals</name>
         <load_address>0x2404</load_address>
         <run_address>0x2404</run_address>
         <size>0x6c</size>
         <input_file_ref idref="fl-e"/>
      </object_component>
      <object_component id="oc-1be">
         <name>.const</name>
         <load_address>0x2470</load_address>
         <run_address>0x2470</run_address>
         <size>0x1c</size>
         <input_file_ref idref="fl-5"/>
      </object_component>
      <object_component id="oc-261">
         <name>.const:.string</name>
         <load_address>0x248c</load_address>
         <run_address>0x248c</run_address>
         <size>0x12</size>
         <input_file_ref idref="fl-5"/>
      </object_component>
      <object_component id="oc-2fb">
         <name>.cinit..data.load</name>
         <load_address>0x24a0</load_address>
         <run_address>0x24a0</run_address>
         <size>0x64</size>
      </object_component>
      <object_component id="oc-2f9">
         <name>__TI_handler_table</name>
         <load_address>0x2504</load_address>
         <run_address>0x2504</run_address>
         <size>0xc</size>
      </object_component>
      <object_component id="oc-2fc">
         <name>.cinit..bss.load</name>
         <load_address>0x2510</load_address>
         <run_address>0x2510</run_address>
         <size>0x8</size>
      </object_component>
      <object_component id="oc-2fa">
         <name>__TI_cinit_table</name>
         <load_address>0x2518</load_address>
         <run_address>0x2518</run_address>
         <size>0x10</size>
      </object_component>
      <object_component id="oc-29">
         <name>.stack</name>
         <uninitialized>true</uninitialized>
         <run_address>0x20000000</run_address>
         <size>0x0</size>
         <input_file_ref idref="fl-133"/>
      </object_component>
      <object_component id="oc-2fd">
         <name>.stack</name>
         <uninitialized>true</uninitialized>
         <run_address>0x20000000</run_address>
         <size>0x0</size>
      </object_component>
      <object_component id="oc-167">
         <name>.bss:g_stDaqVar</name>
         <uninitialized>true</uninitialized>
         <run_address>0x20000390</run_address>
         <size>0x90</size>
         <input_file_ref idref="fl-2"/>
      </object_component>
      <object_component id="oc-17f">
         <name>.bss:g_stMeasVar</name>
         <uninitialized>true</uninitialized>
         <run_address>0x20000420</run_address>
         <size>0x28</size>
         <input_file_ref idref="fl-2"/>
      </object_component>
      <object_component id="oc-182">
         <name>.common:g_ulDaq_CalibrationMS</name>
         <uninitialized>true</uninitialized>
         <run_address>0x2000047c</run_address>
         <size>0xc</size>
      </object_component>
      <object_component id="oc-f7">
         <name>.common:g_iADCBuffer</name>
         <uninitialized>true</uninitialized>
         <run_address>0x20000488</run_address>
         <size>0x8</size>
      </object_component>
      <object_component id="oc-166">
         <name>.common:g_stADCTaskVar</name>
         <uninitialized>true</uninitialized>
         <run_address>0x20000490</run_address>
         <size>0x4</size>
      </object_component>
      <object_component id="oc-183">
         <name>.common:g_stMetVar</name>
         <uninitialized>true</uninitialized>
         <run_address>0x20000464</run_address>
         <size>0xc</size>
      </object_component>
      <object_component id="oc-123">
         <name>.common:g_stTrippedMetVar</name>
         <uninitialized>true</uninitialized>
         <run_address>0x20000470</run_address>
         <size>0xc</size>
      </object_component>
      <object_component id="oc-184">
         <name>.common:g_stMaximumMetVar</name>
         <uninitialized>true</uninitialized>
         <run_address>0x20000458</run_address>
         <size>0xc</size>
      </object_component>
      <object_component id="oc-11f">
         <name>.common:g_stFlags</name>
         <uninitialized>true</uninitialized>
         <run_address>0x20000498</run_address>
         <size>0x1</size>
      </object_component>
      <object_component id="oc-f4">
         <name>.common:rawtemp</name>
         <uninitialized>true</uninitialized>
         <run_address>0x20000448</run_address>
         <size>0x10</size>
      </object_component>
      <object_component id="oc-fa">
         <name>.common:newtemp</name>
         <uninitialized>true</uninitialized>
         <run_address>0x20000494</run_address>
         <size>0x4</size>
      </object_component>
      <object_component id="oc-124">
         <name>.data</name>
         <load_address>0x20000358</load_address>
         <run_address>0x20000358</run_address>
         <size>0xe</size>
         <input_file_ref idref="fl-2"/>
      </object_component>
      <object_component id="oc-120">
         <name>.data</name>
         <load_address>0x20000330</load_address>
         <run_address>0x20000330</run_address>
         <size>0x26</size>
         <input_file_ref idref="fl-3"/>
      </object_component>
      <object_component id="oc-1c1">
         <name>.data</name>
         <load_address>0x20000380</load_address>
         <run_address>0x20000380</run_address>
         <size>0x5</size>
         <input_file_ref idref="fl-5"/>
      </object_component>
      <object_component id="oc-15a">
         <name>.data</name>
         <load_address>0x20000370</load_address>
         <run_address>0x20000370</run_address>
         <size>0x8</size>
         <input_file_ref idref="fl-137"/>
      </object_component>
      <object_component id="oc-76">
         <name>.data</name>
         <load_address>0x2000038c</load_address>
         <run_address>0x2000038c</run_address>
         <size>0x4</size>
         <input_file_ref idref="fl-13e"/>
      </object_component>
      <object_component id="oc-23d">
         <name>.data</name>
         <load_address>0x200002b0</load_address>
         <run_address>0x200002b0</run_address>
         <size>0x80</size>
         <input_file_ref idref="fl-144"/>
      </object_component>
      <object_component id="oc-157">
         <name>.data</name>
         <load_address>0x20000368</load_address>
         <run_address>0x20000368</run_address>
         <size>0x8</size>
         <input_file_ref idref="fl-145"/>
      </object_component>
      <object_component id="oc-291">
         <name>.data</name>
         <load_address>0x20000388</load_address>
         <run_address>0x20000388</run_address>
         <size>0x4</size>
         <input_file_ref idref="fl-149"/>
      </object_component>
      <object_component id="oc-2aa">
         <name>.data</name>
         <load_address>0x20000378</load_address>
         <run_address>0x20000378</run_address>
         <size>0x8</size>
         <input_file_ref idref="fl-14d"/>
      </object_component>
      <object_component id="oc-2c6">
         <name>.data:sigtable</name>
         <load_address>0x20000200</load_address>
         <run_address>0x20000200</run_address>
         <size>0xb0</size>
         <input_file_ref idref="fl-150"/>
      </object_component>
      <object_component id="oc-f8">
         <name>.debug_info</name>
         <load_address>0x0</load_address>
         <run_address>0x0</run_address>
         <size>0x26e</size>
         <input_file_ref idref="fl-2"/>
      </object_component>
      <object_component id="oc-125">
         <name>.debug_info</name>
         <load_address>0x26e</load_address>
         <run_address>0x26e</run_address>
         <size>0x128</size>
         <input_file_ref idref="fl-2"/>
      </object_component>
      <object_component id="oc-168">
         <name>.debug_info</name>
         <load_address>0x396</load_address>
         <run_address>0x396</run_address>
         <size>0xd5</size>
         <input_file_ref idref="fl-2"/>
      </object_component>
      <object_component id="oc-180">
         <name>.debug_info</name>
         <load_address>0x46b</load_address>
         <run_address>0x46b</run_address>
         <size>0xd7</size>
         <input_file_ref idref="fl-2"/>
      </object_component>
      <object_component id="oc-88">
         <name>.debug_info</name>
         <load_address>0x542</load_address>
         <run_address>0x542</run_address>
         <size>0x27c</size>
         <input_file_ref idref="fl-2"/>
      </object_component>
      <object_component id="oc-1e1">
         <name>.debug_info</name>
         <load_address>0x7be</load_address>
         <run_address>0x7be</run_address>
         <size>0x264</size>
         <input_file_ref idref="fl-2"/>
      </object_component>
      <object_component id="oc-134">
         <name>.debug_info</name>
         <load_address>0xa22</load_address>
         <run_address>0xa22</run_address>
         <size>0x84</size>
         <input_file_ref idref="fl-2"/>
      </object_component>
      <object_component id="oc-12d">
         <name>.debug_info</name>
         <load_address>0xaa6</load_address>
         <run_address>0xaa6</run_address>
         <size>0x18b</size>
         <input_file_ref idref="fl-2"/>
      </object_component>
      <object_component id="oc-1cb">
         <name>.debug_info</name>
         <load_address>0xc31</load_address>
         <run_address>0xc31</run_address>
         <size>0x4e</size>
         <input_file_ref idref="fl-2"/>
      </object_component>
      <object_component id="oc-f5">
         <name>.debug_info</name>
         <load_address>0xc7f</load_address>
         <run_address>0xc7f</run_address>
         <size>0x7f2</size>
         <input_file_ref idref="fl-3"/>
      </object_component>
      <object_component id="oc-121">
         <name>.debug_info</name>
         <load_address>0x1471</load_address>
         <run_address>0x1471</run_address>
         <size>0x198</size>
         <input_file_ref idref="fl-3"/>
      </object_component>
      <object_component id="oc-31">
         <name>.debug_info</name>
         <load_address>0x1609</load_address>
         <run_address>0x1609</run_address>
         <size>0xaa0</size>
         <input_file_ref idref="fl-3"/>
      </object_component>
      <object_component id="oc-128">
         <name>.debug_info</name>
         <load_address>0x20a9</load_address>
         <run_address>0x20a9</run_address>
         <size>0x8b</size>
         <input_file_ref idref="fl-3"/>
      </object_component>
      <object_component id="oc-38">
         <name>.debug_info</name>
         <load_address>0x2134</load_address>
         <run_address>0x2134</run_address>
         <size>0x14f</size>
         <input_file_ref idref="fl-4"/>
      </object_component>
      <object_component id="oc-10">
         <name>.debug_info</name>
         <load_address>0x2283</load_address>
         <run_address>0x2283</run_address>
         <size>0xee</size>
         <input_file_ref idref="fl-4"/>
      </object_component>
      <object_component id="oc-2c">
         <name>.debug_info</name>
         <load_address>0x2371</load_address>
         <run_address>0x2371</run_address>
         <size>0x26a</size>
         <input_file_ref idref="fl-4"/>
      </object_component>
      <object_component id="oc-1ca">
         <name>.debug_info</name>
         <load_address>0x25db</load_address>
         <run_address>0x25db</run_address>
         <size>0x23d</size>
         <input_file_ref idref="fl-5"/>
      </object_component>
      <object_component id="oc-1c2">
         <name>.debug_info</name>
         <load_address>0x2818</load_address>
         <run_address>0x2818</run_address>
         <size>0xda</size>
         <input_file_ref idref="fl-5"/>
      </object_component>
      <object_component id="oc-1bf">
         <name>.debug_info</name>
         <load_address>0x28f2</load_address>
         <run_address>0x28f2</run_address>
         <size>0x130</size>
         <input_file_ref idref="fl-5"/>
      </object_component>
      <object_component id="oc-cc">
         <name>.debug_info</name>
         <load_address>0x2a22</load_address>
         <run_address>0x2a22</run_address>
         <size>0x783</size>
         <input_file_ref idref="fl-5"/>
      </object_component>
      <object_component id="oc-163">
         <name>.debug_info</name>
         <load_address>0x31a5</load_address>
         <run_address>0x31a5</run_address>
         <size>0x23d</size>
         <input_file_ref idref="fl-b"/>
      </object_component>
      <object_component id="oc-a1">
         <name>.debug_info</name>
         <load_address>0x33e2</load_address>
         <run_address>0x33e2</run_address>
         <size>0x333</size>
         <input_file_ref idref="fl-b"/>
      </object_component>
      <object_component id="oc-a7">
         <name>.debug_info</name>
         <load_address>0x3715</load_address>
         <run_address>0x3715</run_address>
         <size>0x2a0</size>
         <input_file_ref idref="fl-b"/>
      </object_component>
      <object_component id="oc-83">
         <name>.debug_info</name>
         <load_address>0x39b5</load_address>
         <run_address>0x39b5</run_address>
         <size>0x2ff</size>
         <input_file_ref idref="fl-b"/>
      </object_component>
      <object_component id="oc-96">
         <name>.debug_info</name>
         <load_address>0x3cb4</load_address>
         <run_address>0x3cb4</run_address>
         <size>0x326</size>
         <input_file_ref idref="fl-b"/>
      </object_component>
      <object_component id="oc-103">
         <name>.debug_info</name>
         <load_address>0x3fda</load_address>
         <run_address>0x3fda</run_address>
         <size>0x2a4</size>
         <input_file_ref idref="fl-b"/>
      </object_component>
      <object_component id="oc-b3">
         <name>.debug_info</name>
         <load_address>0x427e</load_address>
         <run_address>0x427e</run_address>
         <size>0x296</size>
         <input_file_ref idref="fl-b"/>
      </object_component>
      <object_component id="oc-7c">
         <name>.debug_info</name>
         <load_address>0x4514</load_address>
         <run_address>0x4514</run_address>
         <size>0x294</size>
         <input_file_ref idref="fl-b"/>
      </object_component>
      <object_component id="oc-9b">
         <name>.debug_info</name>
         <load_address>0x47a8</load_address>
         <run_address>0x47a8</run_address>
         <size>0x2c1</size>
         <input_file_ref idref="fl-b"/>
      </object_component>
      <object_component id="oc-196">
         <name>.debug_info</name>
         <load_address>0x4a69</load_address>
         <run_address>0x4a69</run_address>
         <size>0x230</size>
         <input_file_ref idref="fl-c"/>
      </object_component>
      <object_component id="oc-193">
         <name>.debug_info</name>
         <load_address>0x4c99</load_address>
         <run_address>0x4c99</run_address>
         <size>0x15b</size>
         <input_file_ref idref="fl-c"/>
      </object_component>
      <object_component id="oc-e9">
         <name>.debug_info</name>
         <load_address>0x4df4</load_address>
         <run_address>0x4df4</run_address>
         <size>0x2a3</size>
         <input_file_ref idref="fl-c"/>
      </object_component>
      <object_component id="oc-19a">
         <name>.debug_info</name>
         <load_address>0x5097</load_address>
         <run_address>0x5097</run_address>
         <size>0x2b3</size>
         <input_file_ref idref="fl-c"/>
      </object_component>
      <object_component id="oc-1a0">
         <name>.debug_info</name>
         <load_address>0x534a</load_address>
         <run_address>0x534a</run_address>
         <size>0x316</size>
         <input_file_ref idref="fl-c"/>
      </object_component>
      <object_component id="oc-c5">
         <name>.debug_info</name>
         <load_address>0x5660</load_address>
         <run_address>0x5660</run_address>
         <size>0x27b</size>
         <input_file_ref idref="fl-c"/>
      </object_component>
      <object_component id="oc-d8">
         <name>.debug_info</name>
         <load_address>0x58db</load_address>
         <run_address>0x58db</run_address>
         <size>0x2b7</size>
         <input_file_ref idref="fl-c"/>
      </object_component>
      <object_component id="oc-ba">
         <name>.debug_info</name>
         <load_address>0x5b92</load_address>
         <run_address>0x5b92</run_address>
         <size>0x280</size>
         <input_file_ref idref="fl-c"/>
      </object_component>
      <object_component id="oc-190">
         <name>.debug_info</name>
         <load_address>0x5e12</load_address>
         <run_address>0x5e12</run_address>
         <size>0x20e</size>
         <input_file_ref idref="fl-d"/>
      </object_component>
      <object_component id="oc-18d">
         <name>.debug_info</name>
         <load_address>0x6020</load_address>
         <run_address>0x6020</run_address>
         <size>0x210</size>
         <input_file_ref idref="fl-d"/>
      </object_component>
      <object_component id="oc-de">
         <name>.debug_info</name>
         <load_address>0x6230</load_address>
         <run_address>0x6230</run_address>
         <size>0x23e</size>
         <input_file_ref idref="fl-d"/>
      </object_component>
      <object_component id="oc-ae">
         <name>.debug_info</name>
         <load_address>0x646e</load_address>
         <run_address>0x646e</run_address>
         <size>0x268</size>
         <input_file_ref idref="fl-d"/>
      </object_component>
      <object_component id="oc-187">
         <name>.debug_info</name>
         <load_address>0x66d6</load_address>
         <run_address>0x66d6</run_address>
         <size>0x27f</size>
         <input_file_ref idref="fl-e"/>
      </object_component>
      <object_component id="oc-1da">
         <name>.debug_info</name>
         <load_address>0x6955</load_address>
         <run_address>0x6955</run_address>
         <size>0x14d</size>
         <input_file_ref idref="fl-e"/>
      </object_component>
      <object_component id="oc-1a7">
         <name>.debug_info</name>
         <load_address>0x6aa2</load_address>
         <run_address>0x6aa2</run_address>
         <size>0x283</size>
         <input_file_ref idref="fl-e"/>
      </object_component>
      <object_component id="oc-8e">
         <name>.debug_info</name>
         <load_address>0x6d25</load_address>
         <run_address>0x6d25</run_address>
         <size>0x27d</size>
         <input_file_ref idref="fl-e"/>
      </object_component>
      <object_component id="oc-d1">
         <name>.debug_info</name>
         <load_address>0x6fa2</load_address>
         <run_address>0x6fa2</run_address>
         <size>0x2db</size>
         <input_file_ref idref="fl-e"/>
      </object_component>
      <object_component id="oc-e3">
         <name>.debug_info</name>
         <load_address>0x727d</load_address>
         <run_address>0x727d</run_address>
         <size>0x2b5</size>
         <input_file_ref idref="fl-e"/>
      </object_component>
      <object_component id="oc-246">
         <name>.debug_info</name>
         <load_address>0x7532</load_address>
         <run_address>0x7532</run_address>
         <size>0x5f</size>
         <input_file_ref idref="fl-e"/>
      </object_component>
      <object_component id="oc-1e9">
         <name>.debug_info</name>
         <load_address>0x7591</load_address>
         <run_address>0x7591</run_address>
         <size>0x223</size>
         <input_file_ref idref="fl-f"/>
      </object_component>
      <object_component id="oc-111">
         <name>.debug_info</name>
         <load_address>0x77b4</load_address>
         <run_address>0x77b4</run_address>
         <size>0x2ba</size>
         <input_file_ref idref="fl-f"/>
      </object_component>
      <object_component id="oc-117">
         <name>.debug_info</name>
         <load_address>0x7a6e</load_address>
         <run_address>0x7a6e</run_address>
         <size>0x294</size>
         <input_file_ref idref="fl-f"/>
      </object_component>
      <object_component id="oc-ff">
         <name>.debug_info</name>
         <load_address>0x7d02</load_address>
         <run_address>0x7d02</run_address>
         <size>0x292</size>
         <input_file_ref idref="fl-f"/>
      </object_component>
      <object_component id="oc-11d">
         <name>.debug_info</name>
         <load_address>0x7f94</load_address>
         <run_address>0x7f94</run_address>
         <size>0x27f</size>
         <input_file_ref idref="fl-f"/>
      </object_component>
      <object_component id="oc-108">
         <name>.debug_info</name>
         <load_address>0x8213</load_address>
         <run_address>0x8213</run_address>
         <size>0x28c</size>
         <input_file_ref idref="fl-f"/>
      </object_component>
      <object_component id="oc-198">
         <name>.debug_info</name>
         <load_address>0x849f</load_address>
         <run_address>0x849f</run_address>
         <size>0x227</size>
         <input_file_ref idref="fl-10"/>
      </object_component>
      <object_component id="oc-1b4">
         <name>.debug_info</name>
         <load_address>0x86c6</load_address>
         <run_address>0x86c6</run_address>
         <size>0x247</size>
         <input_file_ref idref="fl-10"/>
      </object_component>
      <object_component id="oc-25a">
         <name>.debug_info</name>
         <load_address>0x890d</load_address>
         <run_address>0x890d</run_address>
         <size>0x249</size>
         <input_file_ref idref="fl-10"/>
      </object_component>
      <object_component id="oc-1ae">
         <name>.debug_info</name>
         <load_address>0x8b56</load_address>
         <run_address>0x8b56</run_address>
         <size>0x326</size>
         <input_file_ref idref="fl-10"/>
      </object_component>
      <object_component id="oc-c0">
         <name>.debug_info</name>
         <load_address>0x8e7c</load_address>
         <run_address>0x8e7c</run_address>
         <size>0x291</size>
         <input_file_ref idref="fl-10"/>
      </object_component>
      <object_component id="oc-f0">
         <name>.debug_info</name>
         <load_address>0x910d</load_address>
         <run_address>0x910d</run_address>
         <size>0x273</size>
         <input_file_ref idref="fl-10"/>
      </object_component>
      <object_component id="oc-1ba">
         <name>.debug_info</name>
         <load_address>0x9380</load_address>
         <run_address>0x9380</run_address>
         <size>0x24d</size>
         <input_file_ref idref="fl-10"/>
      </object_component>
      <object_component id="oc-1d3">
         <name>.debug_info</name>
         <load_address>0x95cd</load_address>
         <run_address>0x95cd</run_address>
         <size>0x212</size>
         <input_file_ref idref="fl-11"/>
      </object_component>
      <object_component id="oc-26">
         <name>.debug_info</name>
         <load_address>0x97df</load_address>
         <run_address>0x97df</run_address>
         <size>0x134</size>
         <input_file_ref idref="fl-133"/>
      </object_component>
      <object_component id="oc-44">
         <name>.debug_info</name>
         <load_address>0x9913</load_address>
         <run_address>0x9913</run_address>
         <size>0x121</size>
         <input_file_ref idref="fl-134"/>
      </object_component>
      <object_component id="oc-13">
         <name>.debug_info</name>
         <load_address>0x9a34</load_address>
         <run_address>0x9a34</run_address>
         <size>0x1c0</size>
         <input_file_ref idref="fl-134"/>
      </object_component>
      <object_component id="oc-3f">
         <name>.debug_info</name>
         <load_address>0x9bf4</load_address>
         <run_address>0x9bf4</run_address>
         <size>0x46</size>
         <input_file_ref idref="fl-134"/>
      </object_component>
      <object_component id="oc-13a">
         <name>.debug_info</name>
         <load_address>0x9c3a</load_address>
         <run_address>0x9c3a</run_address>
         <size>0x2c</size>
         <input_file_ref idref="fl-134"/>
      </object_component>
      <object_component id="oc-4c">
         <name>.debug_info</name>
         <load_address>0x9c66</load_address>
         <run_address>0x9c66</run_address>
         <size>0x115</size>
         <input_file_ref idref="fl-135"/>
      </object_component>
      <object_component id="oc-48">
         <name>.debug_info</name>
         <load_address>0x9d7b</load_address>
         <run_address>0x9d7b</run_address>
         <size>0x228</size>
         <input_file_ref idref="fl-135"/>
      </object_component>
      <object_component id="oc-1a">
         <name>.debug_info</name>
         <load_address>0x9fa3</load_address>
         <run_address>0x9fa3</run_address>
         <size>0x192</size>
         <input_file_ref idref="fl-135"/>
      </object_component>
      <object_component id="oc-4d">
         <name>.debug_info</name>
         <load_address>0xa135</load_address>
         <run_address>0xa135</run_address>
         <size>0x39</size>
         <input_file_ref idref="fl-135"/>
      </object_component>
      <object_component id="oc-144">
         <name>.debug_info</name>
         <load_address>0xa16e</load_address>
         <run_address>0xa16e</run_address>
         <size>0x2c</size>
         <input_file_ref idref="fl-135"/>
      </object_component>
      <object_component id="oc-5d">
         <name>.debug_info</name>
         <load_address>0xa19a</load_address>
         <run_address>0xa19a</run_address>
         <size>0x110</size>
         <input_file_ref idref="fl-136"/>
      </object_component>
      <object_component id="oc-21">
         <name>.debug_info</name>
         <load_address>0xa2aa</load_address>
         <run_address>0xa2aa</run_address>
         <size>0x18b</size>
         <input_file_ref idref="fl-136"/>
      </object_component>
      <object_component id="oc-58">
         <name>.debug_info</name>
         <load_address>0xa435</load_address>
         <run_address>0xa435</run_address>
         <size>0x46</size>
         <input_file_ref idref="fl-136"/>
      </object_component>
      <object_component id="oc-15e">
         <name>.debug_info</name>
         <load_address>0xa47b</load_address>
         <run_address>0xa47b</run_address>
         <size>0x172</size>
         <input_file_ref idref="fl-137"/>
      </object_component>
      <object_component id="oc-15b">
         <name>.debug_info</name>
         <load_address>0xa5ed</load_address>
         <run_address>0xa5ed</run_address>
         <size>0x117</size>
         <input_file_ref idref="fl-137"/>
      </object_component>
      <object_component id="oc-71">
         <name>.debug_info</name>
         <load_address>0xa704</load_address>
         <run_address>0xa704</run_address>
         <size>0x1ee</size>
         <input_file_ref idref="fl-137"/>
      </object_component>
      <object_component id="oc-17c">
         <name>.debug_info</name>
         <load_address>0xa8f2</load_address>
         <run_address>0xa8f2</run_address>
         <size>0x116</size>
         <input_file_ref idref="fl-138"/>
      </object_component>
      <object_component id="oc-16b">
         <name>.debug_info</name>
         <load_address>0xaa08</load_address>
         <run_address>0xaa08</run_address>
         <size>0xff</size>
         <input_file_ref idref="fl-139"/>
      </object_component>
      <object_component id="oc-3a">
         <name>.debug_info</name>
         <load_address>0xab07</load_address>
         <run_address>0xab07</run_address>
         <size>0xf6</size>
         <input_file_ref idref="fl-13a"/>
      </object_component>
      <object_component id="oc-53">
         <name>.debug_info</name>
         <load_address>0xabfd</load_address>
         <run_address>0xabfd</run_address>
         <size>0x124</size>
         <input_file_ref idref="fl-13b"/>
      </object_component>
      <object_component id="oc-61">
         <name>.debug_info</name>
         <load_address>0xad21</load_address>
         <run_address>0xad21</run_address>
         <size>0x129</size>
         <input_file_ref idref="fl-13c"/>
      </object_component>
      <object_component id="oc-2b0">
         <name>.debug_info</name>
         <load_address>0xae4a</load_address>
         <run_address>0xae4a</run_address>
         <size>0x15f</size>
         <input_file_ref idref="fl-13d"/>
      </object_component>
      <object_component id="oc-178">
         <name>.debug_info</name>
         <load_address>0xafa9</load_address>
         <run_address>0xafa9</run_address>
         <size>0x263</size>
         <input_file_ref idref="fl-13d"/>
      </object_component>
      <object_component id="oc-297">
         <name>.debug_info</name>
         <load_address>0xb20c</load_address>
         <run_address>0xb20c</run_address>
         <size>0x86</size>
         <input_file_ref idref="fl-13d"/>
      </object_component>
      <object_component id="oc-77">
         <name>.debug_info</name>
         <load_address>0xb292</load_address>
         <run_address>0xb292</run_address>
         <size>0xea</size>
         <input_file_ref idref="fl-13e"/>
      </object_component>
      <object_component id="oc-1c5">
         <name>.debug_info</name>
         <load_address>0xb37c</load_address>
         <run_address>0xb37c</run_address>
         <size>0x11f</size>
         <input_file_ref idref="fl-13f"/>
      </object_component>
      <object_component id="oc-171">
         <name>.debug_info</name>
         <load_address>0xb49b</load_address>
         <run_address>0xb49b</run_address>
         <size>0x10b</size>
         <input_file_ref idref="fl-140"/>
      </object_component>
      <object_component id="oc-28a">
         <name>.debug_info</name>
         <load_address>0xb5a6</load_address>
         <run_address>0xb5a6</run_address>
         <size>0x111</size>
         <input_file_ref idref="fl-141"/>
      </object_component>
      <object_component id="oc-234">
         <name>.debug_info</name>
         <load_address>0xb6b7</load_address>
         <run_address>0xb6b7</run_address>
         <size>0x192</size>
         <input_file_ref idref="fl-141"/>
      </object_component>
      <object_component id="oc-285">
         <name>.debug_info</name>
         <load_address>0xb849</load_address>
         <run_address>0xb849</run_address>
         <size>0xfb</size>
         <input_file_ref idref="fl-142"/>
      </object_component>
      <object_component id="oc-21d">
         <name>.debug_info</name>
         <load_address>0xb944</load_address>
         <run_address>0xb944</run_address>
         <size>0x173</size>
         <input_file_ref idref="fl-142"/>
      </object_component>
      <object_component id="oc-238">
         <name>.debug_info</name>
         <load_address>0xbab7</load_address>
         <run_address>0xbab7</run_address>
         <size>0x153</size>
         <input_file_ref idref="fl-143"/>
      </object_component>
      <object_component id="oc-23e">
         <name>.debug_info</name>
         <load_address>0xbc0a</load_address>
         <run_address>0xbc0a</run_address>
         <size>0x1b5</size>
         <input_file_ref idref="fl-144"/>
      </object_component>
      <object_component id="oc-210">
         <name>.debug_info</name>
         <load_address>0xbdbf</load_address>
         <run_address>0xbdbf</run_address>
         <size>0x105</size>
         <input_file_ref idref="fl-145"/>
      </object_component>
      <object_component id="oc-158">
         <name>.debug_info</name>
         <load_address>0xbec4</load_address>
         <run_address>0xbec4</run_address>
         <size>0xf4</size>
         <input_file_ref idref="fl-145"/>
      </object_component>
      <object_component id="oc-209">
         <name>.debug_info</name>
         <load_address>0xbfb8</load_address>
         <run_address>0xbfb8</run_address>
         <size>0x200</size>
         <input_file_ref idref="fl-145"/>
      </object_component>
      <object_component id="oc-156">
         <name>.debug_info</name>
         <load_address>0xc1b8</load_address>
         <run_address>0xc1b8</run_address>
         <size>0x147</size>
         <input_file_ref idref="fl-146"/>
      </object_component>
      <object_component id="oc-6c">
         <name>.debug_info</name>
         <load_address>0xc2ff</load_address>
         <run_address>0xc2ff</run_address>
         <size>0x148</size>
         <input_file_ref idref="fl-146"/>
      </object_component>
      <object_component id="oc-203">
         <name>.debug_info</name>
         <load_address>0xc447</load_address>
         <run_address>0xc447</run_address>
         <size>0x5e</size>
         <input_file_ref idref="fl-146"/>
      </object_component>
      <object_component id="oc-154">
         <name>.debug_info</name>
         <load_address>0xc4a5</load_address>
         <run_address>0xc4a5</run_address>
         <size>0x29e</size>
         <input_file_ref idref="fl-147"/>
      </object_component>
      <object_component id="oc-65">
         <name>.debug_info</name>
         <load_address>0xc743</load_address>
         <run_address>0xc743</run_address>
         <size>0x158</size>
         <input_file_ref idref="fl-147"/>
      </object_component>
      <object_component id="oc-1f7">
         <name>.debug_info</name>
         <load_address>0xc89b</load_address>
         <run_address>0xc89b</run_address>
         <size>0x39</size>
         <input_file_ref idref="fl-147"/>
      </object_component>
      <object_component id="oc-1fc">
         <name>.debug_info</name>
         <load_address>0xc8d4</load_address>
         <run_address>0xc8d4</run_address>
         <size>0xcd</size>
         <input_file_ref idref="fl-147"/>
      </object_component>
      <object_component id="oc-1f4">
         <name>.debug_info</name>
         <load_address>0xc9a1</load_address>
         <run_address>0xc9a1</run_address>
         <size>0x1c1</size>
         <input_file_ref idref="fl-148"/>
      </object_component>
      <object_component id="oc-14e">
         <name>.debug_info</name>
         <load_address>0xcb62</load_address>
         <run_address>0xcb62</run_address>
         <size>0x164</size>
         <input_file_ref idref="fl-148"/>
      </object_component>
      <object_component id="oc-276">
         <name>.debug_info</name>
         <load_address>0xccc6</load_address>
         <run_address>0xccc6</run_address>
         <size>0x2c</size>
         <input_file_ref idref="fl-148"/>
      </object_component>
      <object_component id="oc-292">
         <name>.debug_info</name>
         <load_address>0xccf2</load_address>
         <run_address>0xccf2</run_address>
         <size>0xd6</size>
         <input_file_ref idref="fl-149"/>
      </object_component>
      <object_component id="oc-223">
         <name>.debug_info</name>
         <load_address>0xcdc8</load_address>
         <run_address>0xcdc8</run_address>
         <size>0x129</size>
         <input_file_ref idref="fl-14a"/>
      </object_component>
      <object_component id="oc-22f">
         <name>.debug_info</name>
         <load_address>0xcef1</load_address>
         <run_address>0xcef1</run_address>
         <size>0x117</size>
         <input_file_ref idref="fl-14b"/>
      </object_component>
      <object_component id="oc-229">
         <name>.debug_info</name>
         <load_address>0xd008</load_address>
         <run_address>0xd008</run_address>
         <size>0x117</size>
         <input_file_ref idref="fl-14c"/>
      </object_component>
      <object_component id="oc-2c2">
         <name>.debug_info</name>
         <load_address>0xd11f</load_address>
         <run_address>0xd11f</run_address>
         <size>0x13e</size>
         <input_file_ref idref="fl-14d"/>
      </object_component>
      <object_component id="oc-2ab">
         <name>.debug_info</name>
         <load_address>0xd25d</load_address>
         <run_address>0xd25d</run_address>
         <size>0x10e</size>
         <input_file_ref idref="fl-14d"/>
      </object_component>
      <object_component id="oc-28d">
         <name>.debug_info</name>
         <load_address>0xd36b</load_address>
         <run_address>0xd36b</run_address>
         <size>0x16f</size>
         <input_file_ref idref="fl-14d"/>
      </object_component>
      <object_component id="oc-2bd">
         <name>.debug_info</name>
         <load_address>0xd4da</load_address>
         <run_address>0xd4da</run_address>
         <size>0x6f</size>
         <input_file_ref idref="fl-14d"/>
      </object_component>
      <object_component id="oc-268">
         <name>.debug_info</name>
         <load_address>0xd549</load_address>
         <run_address>0xd549</run_address>
         <size>0x128</size>
         <input_file_ref idref="fl-14e"/>
      </object_component>
      <object_component id="oc-2ba">
         <name>.debug_info</name>
         <load_address>0xd671</load_address>
         <run_address>0xd671</run_address>
         <size>0xfd</size>
         <input_file_ref idref="fl-14f"/>
      </object_component>
      <object_component id="oc-2a7">
         <name>.debug_info</name>
         <load_address>0xd76e</load_address>
         <run_address>0xd76e</run_address>
         <size>0x154</size>
         <input_file_ref idref="fl-14f"/>
      </object_component>
      <object_component id="oc-2cd">
         <name>.debug_info</name>
         <load_address>0xd8c2</load_address>
         <run_address>0xd8c2</run_address>
         <size>0x2c</size>
         <input_file_ref idref="fl-14f"/>
      </object_component>
      <object_component id="oc-2ca">
         <name>.debug_info</name>
         <load_address>0xd8ee</load_address>
         <run_address>0xd8ee</run_address>
         <size>0x11d</size>
         <input_file_ref idref="fl-150"/>
      </object_component>
      <object_component id="oc-2c7">
         <name>.debug_info</name>
         <load_address>0xda0b</load_address>
         <run_address>0xda0b</run_address>
         <size>0xdb</size>
         <input_file_ref idref="fl-150"/>
      </object_component>
      <object_component id="oc-2b5">
         <name>.debug_info</name>
         <load_address>0xdae6</load_address>
         <run_address>0xdae6</run_address>
         <size>0x16a</size>
         <input_file_ref idref="fl-150"/>
      </object_component>
      <object_component id="oc-29f">
         <name>.debug_info</name>
         <load_address>0xdc50</load_address>
         <run_address>0xdc50</run_address>
         <size>0xc6</size>
         <input_file_ref idref="fl-151"/>
      </object_component>
      <object_component id="oc-280">
         <name>.debug_info</name>
         <load_address>0xdd16</load_address>
         <run_address>0xdd16</run_address>
         <size>0x14d</size>
         <input_file_ref idref="fl-151"/>
      </object_component>
      <object_component id="oc-2fe">
         <name>.debug_info</name>
         <load_address>0xde63</load_address>
         <run_address>0xde63</run_address>
         <size>0xa8</size>
      </object_component>
      <object_component id="oc-1e7">
         <name>.debug_line</name>
         <load_address>0x0</load_address>
         <run_address>0x0</run_address>
         <size>0x6a</size>
         <input_file_ref idref="fl-2"/>
      </object_component>
      <object_component id="oc-1f2">
         <name>.debug_line</name>
         <load_address>0x6a</load_address>
         <run_address>0x6a</run_address>
         <size>0x2c</size>
         <input_file_ref idref="fl-2"/>
      </object_component>
      <object_component id="oc-219">
         <name>.debug_line</name>
         <load_address>0x96</load_address>
         <run_address>0x96</run_address>
         <size>0x2c</size>
         <input_file_ref idref="fl-2"/>
      </object_component>
      <object_component id="oc-243">
         <name>.debug_line</name>
         <load_address>0xc2</load_address>
         <run_address>0xc2</run_address>
         <size>0x2c</size>
         <input_file_ref idref="fl-2"/>
      </object_component>
      <object_component id="oc-8b">
         <name>.debug_line</name>
         <load_address>0xee</load_address>
         <run_address>0xee</run_address>
         <size>0xe0</size>
         <input_file_ref idref="fl-2"/>
      </object_component>
      <object_component id="oc-1e4">
         <name>.debug_line</name>
         <load_address>0x1ce</load_address>
         <run_address>0x1ce</run_address>
         <size>0x2c</size>
         <input_file_ref idref="fl-2"/>
      </object_component>
      <object_component id="oc-137">
         <name>.debug_line</name>
         <load_address>0x1fa</load_address>
         <run_address>0x1fa</run_address>
         <size>0x20</size>
         <input_file_ref idref="fl-2"/>
      </object_component>
      <object_component id="oc-130">
         <name>.debug_line</name>
         <load_address>0x21a</load_address>
         <run_address>0x21a</run_address>
         <size>0x60</size>
         <input_file_ref idref="fl-2"/>
      </object_component>
      <object_component id="oc-1ce">
         <name>.debug_line</name>
         <load_address>0x27a</load_address>
         <run_address>0x27a</run_address>
         <size>0x60</size>
         <input_file_ref idref="fl-2"/>
      </object_component>
      <object_component id="oc-1e0">
         <name>.debug_line</name>
         <load_address>0x2da</load_address>
         <run_address>0x2da</run_address>
         <size>0x1bb</size>
         <input_file_ref idref="fl-3"/>
      </object_component>
      <object_component id="oc-1f0">
         <name>.debug_line</name>
         <load_address>0x495</load_address>
         <run_address>0x495</run_address>
         <size>0x2d</size>
         <input_file_ref idref="fl-3"/>
      </object_component>
      <object_component id="oc-34">
         <name>.debug_line</name>
         <load_address>0x4c2</load_address>
         <run_address>0x4c2</run_address>
         <size>0x1c3</size>
         <input_file_ref idref="fl-3"/>
      </object_component>
      <object_component id="oc-12b">
         <name>.debug_line</name>
         <load_address>0x685</load_address>
         <run_address>0x685</run_address>
         <size>0x20</size>
         <input_file_ref idref="fl-3"/>
      </object_component>
      <object_component id="oc-133">
         <name>.debug_line</name>
         <load_address>0x6a5</load_address>
         <run_address>0x6a5</run_address>
         <size>0x41</size>
         <input_file_ref idref="fl-4"/>
      </object_component>
      <object_component id="oc-37">
         <name>.debug_line</name>
         <load_address>0x6e6</load_address>
         <run_address>0x6e6</run_address>
         <size>0x41</size>
         <input_file_ref idref="fl-4"/>
      </object_component>
      <object_component id="oc-2b">
         <name>.debug_line</name>
         <load_address>0x727</load_address>
         <run_address>0x727</run_address>
         <size>0xa1</size>
         <input_file_ref idref="fl-4"/>
      </object_component>
      <object_component id="oc-26e">
         <name>.debug_line</name>
         <load_address>0x7c8</load_address>
         <run_address>0x7c8</run_address>
         <size>0x8e</size>
         <input_file_ref idref="fl-5"/>
      </object_component>
      <object_component id="oc-265">
         <name>.debug_line</name>
         <load_address>0x856</load_address>
         <run_address>0x856</run_address>
         <size>0x32</size>
         <input_file_ref idref="fl-5"/>
      </object_component>
      <object_component id="oc-263">
         <name>.debug_line</name>
         <load_address>0x888</load_address>
         <run_address>0x888</run_address>
         <size>0x32</size>
         <input_file_ref idref="fl-5"/>
      </object_component>
      <object_component id="oc-cb">
         <name>.debug_line</name>
         <load_address>0x8ba</load_address>
         <run_address>0x8ba</run_address>
         <size>0x283</size>
         <input_file_ref idref="fl-5"/>
      </object_component>
      <object_component id="oc-217">
         <name>.debug_line</name>
         <load_address>0xb3d</load_address>
         <run_address>0xb3d</run_address>
         <size>0xde</size>
         <input_file_ref idref="fl-b"/>
      </object_component>
      <object_component id="oc-a4">
         <name>.debug_line</name>
         <load_address>0xc1b</load_address>
         <run_address>0xc1b</run_address>
         <size>0xa7</size>
         <input_file_ref idref="fl-b"/>
      </object_component>
      <object_component id="oc-aa">
         <name>.debug_line</name>
         <load_address>0xcc2</load_address>
         <run_address>0xcc2</run_address>
         <size>0x91</size>
         <input_file_ref idref="fl-b"/>
      </object_component>
      <object_component id="oc-82">
         <name>.debug_line</name>
         <load_address>0xd53</load_address>
         <run_address>0xd53</run_address>
         <size>0x9c</size>
         <input_file_ref idref="fl-b"/>
      </object_component>
      <object_component id="oc-95">
         <name>.debug_line</name>
         <load_address>0xdef</load_address>
         <run_address>0xdef</run_address>
         <size>0xa3</size>
         <input_file_ref idref="fl-b"/>
      </object_component>
      <object_component id="oc-102">
         <name>.debug_line</name>
         <load_address>0xe92</load_address>
         <run_address>0xe92</run_address>
         <size>0x91</size>
         <input_file_ref idref="fl-b"/>
      </object_component>
      <object_component id="oc-b6">
         <name>.debug_line</name>
         <load_address>0xf23</load_address>
         <run_address>0xf23</run_address>
         <size>0x92</size>
         <input_file_ref idref="fl-b"/>
      </object_component>
      <object_component id="oc-7f">
         <name>.debug_line</name>
         <load_address>0xfb5</load_address>
         <run_address>0xfb5</run_address>
         <size>0x91</size>
         <input_file_ref idref="fl-b"/>
      </object_component>
      <object_component id="oc-9e">
         <name>.debug_line</name>
         <load_address>0x1046</load_address>
         <run_address>0x1046</run_address>
         <size>0x9b</size>
         <input_file_ref idref="fl-b"/>
      </object_component>
      <object_component id="oc-252">
         <name>.debug_line</name>
         <load_address>0x10e1</load_address>
         <run_address>0x10e1</run_address>
         <size>0x82</size>
         <input_file_ref idref="fl-c"/>
      </object_component>
      <object_component id="oc-250">
         <name>.debug_line</name>
         <load_address>0x1163</load_address>
         <run_address>0x1163</run_address>
         <size>0x7d</size>
         <input_file_ref idref="fl-c"/>
      </object_component>
      <object_component id="oc-ec">
         <name>.debug_line</name>
         <load_address>0x11e0</load_address>
         <run_address>0x11e0</run_address>
         <size>0x92</size>
         <input_file_ref idref="fl-c"/>
      </object_component>
      <object_component id="oc-19d">
         <name>.debug_line</name>
         <load_address>0x1272</load_address>
         <run_address>0x1272</run_address>
         <size>0x95</size>
         <input_file_ref idref="fl-c"/>
      </object_component>
      <object_component id="oc-1a3">
         <name>.debug_line</name>
         <load_address>0x1307</load_address>
         <run_address>0x1307</run_address>
         <size>0xd1</size>
         <input_file_ref idref="fl-c"/>
      </object_component>
      <object_component id="oc-c8">
         <name>.debug_line</name>
         <load_address>0x13d8</load_address>
         <run_address>0x13d8</run_address>
         <size>0x93</size>
         <input_file_ref idref="fl-c"/>
      </object_component>
      <object_component id="oc-db">
         <name>.debug_line</name>
         <load_address>0x146b</load_address>
         <run_address>0x146b</run_address>
         <size>0x99</size>
         <input_file_ref idref="fl-c"/>
      </object_component>
      <object_component id="oc-bd">
         <name>.debug_line</name>
         <load_address>0x1504</load_address>
         <run_address>0x1504</run_address>
         <size>0xa7</size>
         <input_file_ref idref="fl-c"/>
      </object_component>
      <object_component id="oc-24e">
         <name>.debug_line</name>
         <load_address>0x15ab</load_address>
         <run_address>0x15ab</run_address>
         <size>0x7c</size>
         <input_file_ref idref="fl-d"/>
      </object_component>
      <object_component id="oc-24c">
         <name>.debug_line</name>
         <load_address>0x1627</load_address>
         <run_address>0x1627</run_address>
         <size>0x82</size>
         <input_file_ref idref="fl-d"/>
      </object_component>
      <object_component id="oc-e0">
         <name>.debug_line</name>
         <load_address>0x16a9</load_address>
         <run_address>0x16a9</run_address>
         <size>0x97</size>
         <input_file_ref idref="fl-d"/>
      </object_component>
      <object_component id="oc-b1">
         <name>.debug_line</name>
         <load_address>0x1740</load_address>
         <run_address>0x1740</run_address>
         <size>0xc2</size>
         <input_file_ref idref="fl-d"/>
      </object_component>
      <object_component id="oc-245">
         <name>.debug_line</name>
         <load_address>0x1802</load_address>
         <run_address>0x1802</run_address>
         <size>0x13d</size>
         <input_file_ref idref="fl-e"/>
      </object_component>
      <object_component id="oc-271">
         <name>.debug_line</name>
         <load_address>0x193f</load_address>
         <run_address>0x193f</run_address>
         <size>0x7f</size>
         <input_file_ref idref="fl-e"/>
      </object_component>
      <object_component id="oc-1aa">
         <name>.debug_line</name>
         <load_address>0x19be</load_address>
         <run_address>0x19be</run_address>
         <size>0x94</size>
         <input_file_ref idref="fl-e"/>
      </object_component>
      <object_component id="oc-91">
[...]
         <value>0x2000035c</value>
         <object_component_ref idref="oc-124"/>
      </symbol>
      <symbol id="sm-98">
         <name>V2Test</name>
         <value>0x20000360</value>
         <object_component_ref idref="oc-124"/>
      </symbol>
      <symbol id="sm-99">
         <name>init_MeasurementTask</name>
         <value>0xed1</value>
         <object_component_ref idref="oc-87"/>
      </symbol>
      <symbol id="sm-9a">
         <name>CTest</name>
         <value>0x20000358</value>
         <object_component_ref idref="oc-124"/>
      </symbol>
      <symbol id="sm-ec">
         <name>rawtemp</name>
         <value>0x20000448</value>
      </symbol>
      <symbol id="sm-ed">
         <name>newtemp</name>
         <value>0x20000494</value>
      </symbol>
      <symbol id="sm-ee">
         <name>timer0init</name>
         <value>0xae7</value>
         <object_component_ref idref="oc-30"/>
      </symbol>
      <symbol id="sm-ef">
         <name>array</name>
         <value>0x20000336</value>
         <object_component_ref idref="oc-120"/>
      </symbol>
      <symbol id="sm-f0">
         <name>InitADC</name>
         <value>0x741</value>
         <object_component_ref idref="oc-30"/>
      </symbol>
      <symbol id="sm-f1">
         <name>Current_Low</name>
         <value>0x20000332</value>
         <object_component_ref idref="oc-120"/>
      </symbol>
      <symbol id="sm-f2">
         <name>ADC0handler</name>
         <value>0x709</value>
         <object_component_ref idref="oc-30"/>
      </symbol>
      <symbol id="sm-f3">
         <name>main</name>
         <value>0x835</value>
         <object_component_ref idref="oc-30"/>
      </symbol>
      <symbol id="sm-f4">
         <name>Current_High</name>
         <value>0x20000331</value>
         <object_component_ref idref="oc-120"/>
      </symbol>
      <symbol id="sm-f5">
         <name>InitConsole</name>
         <value>0x7b3</value>
         <object_component_ref idref="oc-30"/>
      </symbol>
      <symbol id="sm-f6">
         <name>Status</name>
         <value>0x20000330</value>
         <object_component_ref idref="oc-120"/>
      </symbol>
      <symbol id="sm-f7">
         <name>ui8LED</name>
         <value>0x20000335</value>
         <object_component_ref idref="oc-120"/>
      </symbol>
      <symbol id="sm-f8">
         <name>InitConsoleUART1</name>
         <value>0x7f5</value>
         <object_component_ref idref="oc-30"/>
      </symbol>
      <symbol id="sm-f9">
         <name>Voltage1</name>
         <value>0x20000333</value>
         <object_component_ref idref="oc-120"/>
      </symbol>
      <symbol id="sm-fa">
         <name>Voltage2</name>
         <value>0x20000334</value>
         <object_component_ref idref="oc-120"/>
      </symbol>
      <symbol id="sm-fb">
         <name>Timer0IntHandler</name>
         <value>0xab1</value>
         <object_component_ref idref="oc-30"/>
      </symbol>
      <symbol id="sm-117">
         <name>ResetISR</name>
         <value>0x22b1</value>
         <object_component_ref idref="oc-2a"/>
      </symbol>
      <symbol id="sm-118">
         <name>g_pfnVectors</name>
         <value>0x0</value>
         <object_component_ref idref="oc-f"/>
      </symbol>
      <symbol id="sm-17d">
         <name>UARTgetc</name>
         <value>0x3b3</value>
         <object_component_ref idref="oc-ca"/>
      </symbol>
      <symbol id="sm-17e">
         <name>UARTgets</name>
         <value>0x2f9</value>
         <object_component_ref idref="oc-ca"/>
      </symbol>
      <symbol id="sm-17f">
         <name>UARTStdioConfig</name>
         <value>0x26d</value>
         <object_component_ref idref="oc-ca"/>
      </symbol>
      <symbol id="sm-180">
         <name>UARTwrite</name>
         <value>0x2b3</value>
         <object_component_ref idref="oc-ca"/>
      </symbol>
      <symbol id="sm-181">
         <name>UARTprintf</name>
         <value>0x6d3</value>
         <object_component_ref idref="oc-ca"/>
      </symbol>
      <symbol id="sm-182">
         <name>UARTvprintf</name>
         <value>0x3d9</value>
         <object_component_ref idref="oc-ca"/>
      </symbol>
      <symbol id="sm-1cf">
         <name>ADCProcessorTrigger</name>
         <value>0x2193</value>
         <object_component_ref idref="oc-101"/>
      </symbol>
      <symbol id="sm-1d0">
         <name>ADCSequenceEnable</name>
         <value>0x226f</value>
         <object_component_ref idref="oc-a6"/>
      </symbol>
      <symbol id="sm-1d1">
         <name>ADCSequenceConfigure</name>
         <value>0x1fcd</value>
         <object_component_ref idref="oc-94"/>
      </symbol>
      <symbol id="sm-1d2">
         <name>ADCIntEnable</name>
         <value>0x2241</value>
         <object_component_ref idref="oc-b2"/>
      </symbol>
      <symbol id="sm-1d3">
         <name>ADCSequenceStepConfigure</name>
         <value>0x1a9b</value>
         <object_component_ref idref="oc-a0"/>
      </symbol>
      <symbol id="sm-1d4">
         <name>ADCIntClear</name>
         <value>0x22bd</value>
         <object_component_ref idref="oc-7b"/>
      </symbol>
      <symbol id="sm-1d5">
         <name>ADCHardwareOversampleConfigure</name>
         <value>0x2261</value>
         <object_component_ref idref="oc-9a"/>
      </symbol>
      <symbol id="sm-1d6">
         <name>ADCSequenceDataGet</name>
         <value>0x2175</value>
         <object_component_ref idref="oc-81"/>
      </symbol>
      <symbol id="sm-218">
         <name>GPIOPinConfigure</name>
         <value>0x1e35</value>
         <object_component_ref idref="oc-b8"/>
      </symbol>
      <symbol id="sm-219">
         <name>GPIOPinTypeUART</name>
         <value>0x221d</value>
         <object_component_ref idref="oc-c4"/>
      </symbol>
      <symbol id="sm-21a">
         <name>GPIOPinTypeGPIOOutput</name>
         <value>0x21ab</value>
         <object_component_ref idref="oc-d6"/>
      </symbol>
      <symbol id="sm-21b">
         <name>GPIODirModeSet</name>
         <value>0x210b</value>
         <object_component_ref idref="oc-199"/>
      </symbol>
      <symbol id="sm-21c">
         <name>GPIOPinWrite</name>
         <value>0x22e3</value>
         <object_component_ref idref="oc-e8"/>
      </symbol>
      <symbol id="sm-21d">
         <name>GPIOPadConfigSet</name>
         <value>0x13ff</value>
         <object_component_ref idref="oc-19f"/>
      </symbol>
      <symbol id="sm-24d">
         <name>IntEnable</name>
         <value>0x1c69</value>
         <object_component_ref idref="oc-ac"/>
      </symbol>
      <symbol id="sm-24e">
         <name>IntMasterEnable</name>
         <value>0x2251</value>
         <object_component_ref idref="oc-dc"/>
      </symbol>
      <symbol id="sm-2ab">
         <name>SysCtlPeripheralPresent</name>
         <value>0x200d</value>
         <object_component_ref idref="oc-1a6"/>
      </symbol>
      <symbol id="sm-2ac">
         <name>SysCtlClockSet</name>
         <value>0x184d</value>
         <object_component_ref idref="oc-d0"/>
      </symbol>
      <symbol id="sm-2ad">
         <name>SysCtlDelay</name>
         <value>0x22e9</value>
         <object_component_ref idref="oc-93"/>
      </symbol>
      <symbol id="sm-2ae">
         <name>SysCtlPeripheralEnable</name>
         <value>0x2045</value>
         <object_component_ref idref="oc-8d"/>
      </symbol>
      <symbol id="sm-2af">
         <name>SysCtlClockGet</name>
         <value>0x1531</value>
         <object_component_ref idref="oc-e2"/>
      </symbol>
      <symbol id="sm-2e3">
         <name>TimerLoadSet</name>
         <value>0x222f</value>
         <object_component_ref idref="oc-10d"/>
      </symbol>
      <symbol id="sm-2e4">
         <name>TimerEnable</name>
         <value>0x227d</value>
         <object_component_ref idref="oc-119"/>
      </symbol>
      <symbol id="sm-2e5">
         <name>TimerIntEnable</name>
         <value>0x22db</value>
         <object_component_ref idref="oc-113"/>
      </symbol>
      <symbol id="sm-2e6">
         <name>TimerConfigure</name>
         <value>0x1d39</value>
         <object_component_ref idref="oc-107"/>
      </symbol>
      <symbol id="sm-2e7">
         <name>TimerIntClear</name>
         <value>0x22fb</value>
         <object_component_ref idref="oc-fb"/>
      </symbol>
      <symbol id="sm-322">
         <name>UARTConfigSetExpClk</name>
         <value>0x1e7d</value>
         <object_component_ref idref="oc-1ac"/>
      </symbol>
      <symbol id="sm-323">
         <name>UARTDisable</name>
         <value>0x2135</value>
         <object_component_ref idref="oc-258"/>
      </symbol>
      <symbol id="sm-324">
         <name>UARTClockSourceSet</name>
         <value>0x22ef</value>
         <object_component_ref idref="oc-be"/>
      </symbol>
      <symbol id="sm-325">
         <name>UARTCharPut</name>
         <value>0x22d1</value>
         <object_component_ref idref="oc-ee"/>
      </symbol>
      <symbol id="sm-326">
         <name>UARTEnable</name>
         <value>0x21f5</value>
         <object_component_ref idref="oc-1b2"/>
      </symbol>
      <symbol id="sm-327">
         <name>UARTCharGet</name>
         <value>0x22c7</value>
         <object_component_ref idref="oc-1b8"/>
      </symbol>
      <symbol id="sm-331">
         <name>CPUcpsie</name>
         <value>0x2299</value>
         <object_component_ref idref="oc-1d2"/>
      </symbol>
      <symbol id="sm-343">
         <name>_c_int00</name>
         <value>0x1d99</value>
         <object_component_ref idref="oc-24"/>
      </symbol>
      <symbol id="sm-344">
         <name>__stack</name>
         <value>0x20000000</value>
         <object_component_ref idref="oc-29"/>
      </symbol>
      <symbol id="sm-35b">
         <name>__TI_decompress_none</name>
         <value>0x228b</value>
         <object_component_ref idref="oc-12"/>
      </symbol>
      <symbol id="sm-383">
         <name>__TI_decompress_rle24</name>
         <value>0x22f5</value>
         <object_component_ref idref="oc-18"/>
      </symbol>
      <symbol id="sm-395">
         <name>__TI_zero_init</name>
         <value>0x22a5</value>
         <object_component_ref idref="oc-1e"/>
      </symbol>
      <symbol id="sm-3b4">
         <name>C$$EXIT</name>
         <value>0x1ec5</value>
         <object_component_ref idref="oc-70"/>
      </symbol>
      <symbol id="sm-3b5">
         <name>abort</name>
         <value>0x1ec9</value>
         <object_component_ref idref="oc-70"/>
      </symbol>
      <symbol id="sm-3b6">
         <name>exit</name>
         <value>0x1ed1</value>
         <object_component_ref idref="oc-70"/>
      </symbol>
      <symbol id="sm-3b7">
         <name>__TI_dtors_ptr</name>
         <value>0x20000374</value>
         <object_component_ref idref="oc-15a"/>
      </symbol>
      <symbol id="sm-3b8">
         <name>__TI_cleanup_ptr</name>
         <value>0x20000370</value>
         <object_component_ref idref="oc-15a"/>
      </symbol>
      <symbol id="sm-3c5">
         <name>__aeabi_d2uiz</name>
         <value>0x1f09</value>
         <object_component_ref idref="oc-17a"/>
      </symbol>
      <symbol id="sm-3d2">
         <name>__aeabi_lmul</name>
         <value>0x21dd</value>
         <object_component_ref idref="oc-16a"/>
      </symbol>
      <symbol id="sm-3ed">
         <name>memcpy</name>
         <value>0x19ff</value>
         <object_component_ref idref="oc-39"/>
      </symbol>
      <symbol id="sm-3ee">
         <name>__aeabi_memcpy</name>
         <value>0x19ff</value>
         <object_component_ref idref="oc-39"/>
      </symbol>
      <symbol id="sm-3ef">
         <name>__aeabi_memcpy8</name>
         <value>0x19ff</value>
         <object_component_ref idref="oc-39"/>
      </symbol>
      <symbol id="sm-3f0">
         <name>__aeabi_memcpy4</name>
         <value>0x19ff</value>
         <object_component_ref idref="oc-39"/>
      </symbol>
      <symbol id="sm-3ff">
         <name>__aeabi_memset</name>
         <value>0x1b17</value>
         <object_component_ref idref="oc-52"/>
      </symbol>
      <symbol id="sm-400">
         <name>memset</name>
         <value>0x1b1d</value>
         <object_component_ref idref="oc-52"/>
      </symbol>
      <symbol id="sm-401">
         <name>__aeabi_memset8</name>
         <value>0x1b17</value>
         <object_component_ref idref="oc-52"/>
      </symbol>
      <symbol id="sm-402">
         <name>__aeabi_memset4</name>
         <value>0x1b17</value>
         <object_component_ref idref="oc-52"/>
      </symbol>
      <symbol id="sm-403">
         <name>__aeabi_memclr8</name>
         <value>0x1b15</value>
         <object_component_ref idref="oc-52"/>
      </symbol>
      <symbol id="sm-404">
         <name>__aeabi_memclr4</name>
         <value>0x1b15</value>
         <object_component_ref idref="oc-52"/>
      </symbol>
      <symbol id="sm-405">
         <name>__aeabi_memclr</name>
         <value>0x1b15</value>
         <object_component_ref idref="oc-52"/>
      </symbol>
      <symbol id="sm-40f">
         <name>_system_pre_init</name>
         <value>0x22ff</value>
         <object_component_ref idref="oc-5e"/>
      </symbol>
      <symbol id="sm-42e">
         <name>sqrt</name>
         <value>0x1181</value>
         <object_component_ref idref="oc-174"/>
      </symbol>
      <symbol id="sm-436">
         <name>main_func_sp</name>
         <value>0x2000038c</value>
         <object_component_ref idref="oc-76"/>
      </symbol>
      <symbol id="sm-448">
         <name>__aeabi_uidivmod</name>
         <value>0x1f8d</value>
         <object_component_ref idref="oc-1c4"/>
      </symbol>
      <symbol id="sm-449">
         <name>__aeabi_uidiv</name>
         <value>0x1f8d</value>
         <object_component_ref idref="oc-1c4"/>
      </symbol>
      <symbol id="sm-455">
         <name>__aeabi_ui2d</name>
         <value>0x2155</value>
         <object_component_ref idref="oc-16f"/>
      </symbol>
      <symbol id="sm-471">
         <name>_Dscale</name>
         <value>0x1641</value>
         <object_component_ref idref="oc-231"/>
      </symbol>
      <symbol id="sm-485">
         <name>_Dunscale</name>
         <value>0x1cd1</value>
         <object_component_ref idref="oc-21c"/>
      </symbol>
      <symbol id="sm-494">
         <name>_Feraise</name>
         <value>0x20ad</value>
         <object_component_ref idref="oc-237"/>
      </symbol>
      <symbol id="sm-4a4">
         <name>_Rteps</name>
         <value>0x20000310</value>
         <object_component_ref idref="oc-23d"/>
      </symbol>
      <symbol id="sm-4a5">
         <name>_Zero</name>
         <value>0x20000328</value>
         <object_component_ref idref="oc-23d"/>
      </symbol>
      <symbol id="sm-4a6">
         <name>_Hugeval</name>
         <value>0x200002d0</value>
         <object_component_ref idref="oc-23d"/>
      </symbol>
      <symbol id="sm-4a7">
         <name>_Snan</name>
         <value>0x20000300</value>
         <object_component_ref idref="oc-23d"/>
      </symbol>
      <symbol id="sm-4a8">
         <name>_Nan</name>
         <value>0x200002f0</value>
         <object_component_ref idref="oc-23d"/>
      </symbol>
      <symbol id="sm-4a9">
         <name>_Inf</name>
         <value>0x200002e0</value>
         <object_component_ref idref="oc-23d"/>
      </symbol>
      <symbol id="sm-4aa">
         <name>_Xbig</name>
         <value>0x20000320</value>
         <object_component_ref idref="oc-23d"/>
      </symbol>
      <symbol id="sm-4ab">
         <name>_Eps</name>
         <value>0x200002c0</value>
         <object_component_ref idref="oc-23d"/>
      </symbol>
      <symbol id="sm-4ac">
         <name>_Denorm</name>
         <value>0x200002b0</value>
         <object_component_ref idref="oc-23d"/>
      </symbol>
      <symbol id="sm-4c5">
         <name>_nop</name>
         <value>0x2217</value>
         <object_component_ref idref="oc-208"/>
      </symbol>
      <symbol id="sm-4c6">
         <name>_lock</name>
         <value>0x20000368</value>
         <object_component_ref idref="oc-157"/>
      </symbol>
      <symbol id="sm-4c7">
         <name>_unlock</name>
         <value>0x2000036c</value>
         <object_component_ref idref="oc-157"/>
      </symbol>
      <symbol id="sm-4c8">
         <name>_register_lock</name>
         <value>0x220f</value>
         <object_component_ref idref="oc-208"/>
      </symbol>
      <symbol id="sm-4c9">
         <name>_register_unlock</name>
         <value>0x2209</value>
         <object_component_ref idref="oc-208"/>
      </symbol>
      <symbol id="sm-4de">
         <name>_args_main</name>
         <value>0x21c5</value>
         <object_component_ref idref="oc-6a"/>
      </symbol>
      <symbol id="sm-504">
         <name>__TI_auto_init</name>
         <value>0x1b91</value>
         <object_component_ref idref="oc-64"/>
      </symbol>
      <symbol id="sm-51e">
         <name>copy_in</name>
         <value>0x1de9</value>
         <object_component_ref idref="oc-14d"/>
      </symbol>
      <symbol id="sm-526">
         <name>_Errno</name>
         <value>0x20000388</value>
         <object_component_ref idref="oc-291"/>
      </symbol>
      <symbol id="sm-54a">
         <name>__aeabi_dsub</name>
         <value>0xfc9</value>
         <object_component_ref idref="oc-222"/>
      </symbol>
      <symbol id="sm-54b">
         <name>__aeabi_dadd</name>
         <value>0xfd3</value>
         <object_component_ref idref="oc-222"/>
      </symbol>
      <symbol id="sm-56b">
         <name>__aeabi_ddiv</name>
         <value>0x12c9</value>
         <object_component_ref idref="oc-22c"/>
      </symbol>
      <symbol id="sm-582">
         <name>__aeabi_dmul</name>
         <value>0x1751</value>
         <object_component_ref idref="oc-227"/>
      </symbol>
      <symbol id="sm-5a0">
         <name>feraiseexcept</name>
         <value>0x2079</value>
         <object_component_ref idref="oc-28b"/>
      </symbol>
      <symbol id="sm-5a1">
         <name>_Tls_setup__Fenv</name>
         <value>0x2000037c</value>
         <object_component_ref idref="oc-2aa"/>
      </symbol>
      <symbol id="sm-5a2">
         <name>_Fenv</name>
         <value>0x20000378</value>
         <object_component_ref idref="oc-2aa"/>
      </symbol>
      <symbol id="sm-5ac">
         <name>__aeabi_idiv0</name>
         <value>0x117f</value>
         <object_component_ref idref="oc-266"/>
      </symbol>
      <symbol id="sm-5c0">
         <name>raise</name>
         <value>0x20dd</value>
         <object_component_ref idref="oc-2a4"/>
      </symbol>
      <symbol id="sm-5da">
         <name>signal</name>
         <value>0x1f4d</value>
         <object_component_ref idref="oc-2b3"/>
      </symbol>
      <symbol id="sm-5ef">
         <name>_Dnorm</name>
         <value>0x1941</value>
         <object_component_ref idref="oc-27e"/>
      </symbol>
      <symbol id="sm-5f0">
         <name>__TI_static_base__</name>
         <value>0x0</value>
      </symbol>
      <symbol id="sm-5f3">
         <name>SHT$$INIT_ARRAY$$Limit</name>
         <value>0x0</value>
      </symbol>
      <symbol id="sm-5f4">
         <name>SHT$$INIT_ARRAY$$Base</name>
         <value>0x0</value>
      </symbol>
   </symbol_table>
   <title>Link successful</title>
</link_info>
